[2025-08-06T13:39:34.542+0000][gc] Using G1
[2025-08-06T13:39:34.546+0000][gc,init] Version: 17.0.15+6-alpine-r0 (release)
[2025-08-06T13:39:34.547+0000][gc,init] CPUs: 16 total, 16 available
[2025-08-06T13:39:34.547+0000][gc,init] Memory: 7836M
[2025-08-06T13:39:34.547+0000][gc,init] Large Page Support: Disabled
[2025-08-06T13:39:34.547+0000][gc,init] NUMA Support: Disabled
[2025-08-06T13:39:34.547+0000][gc,init] Compressed Oops: Enabled (32-bit)
[2025-08-06T13:39:34.547+0000][gc,init] Heap Region Size: 1M
[2025-08-06T13:39:34.547+0000][gc,init] Heap Min Capacity: 1G
[2025-08-06T13:39:34.547+0000][gc,init] Heap Initial Capacity: 1G
[2025-08-06T13:39:34.547+0000][gc,init] Heap Max Capacity: 1G
[2025-08-06T13:39:34.547+0000][gc,init] Pre-touch: Disabled
[2025-08-06T13:39:34.547+0000][gc,init] Parallel Workers: 13
[2025-08-06T13:39:34.547+0000][gc,init] Concurrent Workers: 3
[2025-08-06T13:39:34.547+0000][gc,init] Concurrent Refinement Workers: 13
[2025-08-06T13:39:34.547+0000][gc,init] Periodic GC: Disabled
[2025-08-06T13:39:34.552+0000][gc,metaspace] CDS archive(s) mapped at: [0x0000002800000000-0x0000002800be0000-0x0000002800be0000), size 12451840, SharedBaseAddress: 0x0000002800000000, ArchiveRelocationMode: 1.
[2025-08-06T13:39:34.552+0000][gc,metaspace] Compressed class space mapped at: 0x0000002801000000-0x0000002841000000, reserved size: 1073741824
[2025-08-06T13:39:34.552+0000][gc,metaspace] Narrow klass base: 0x0000002800000000, Narrow klass shift: 0, Narrow klass range: 0x100000000
[2025-08-06T13:39:36.391+0000][gc,start    ] GC(0) Pause Young (Concurrent Start) (Metadata GC Threshold)
[2025-08-06T13:39:36.392+0000][gc,task     ] GC(0) Using 13 workers of 13 for evacuation
[2025-08-06T13:39:36.399+0000][gc,phases   ] GC(0)   Pre Evacuate Collection Set: 0.1ms
[2025-08-06T13:39:36.399+0000][gc,phases   ] GC(0)   Merge Heap Roots: 0.1ms
[2025-08-06T13:39:36.399+0000][gc,phases   ] GC(0)   Evacuate Collection Set: 5.7ms
[2025-08-06T13:39:36.399+0000][gc,phases   ] GC(0)   Post Evacuate Collection Set: 1.0ms
[2025-08-06T13:39:36.399+0000][gc,phases   ] GC(0)   Other: 1.1ms
[2025-08-06T13:39:36.400+0000][gc,heap     ] GC(0) Eden regions: 310->0(494)
[2025-08-06T13:39:36.400+0000][gc,heap     ] GC(0) Survivor regions: 0->18(64)
[2025-08-06T13:39:36.400+0000][gc,heap     ] GC(0) Old regions: 0->0
[2025-08-06T13:39:36.400+0000][gc,heap     ] GC(0) Archive regions: 2->2
[2025-08-06T13:39:36.400+0000][gc,heap     ] GC(0) Humongous regions: 0->0
[2025-08-06T13:39:36.400+0000][gc,metaspace] GC(0) Metaspace: 21159K(21504K)->21159K(21504K) NonClass: 18582K(18752K)->18582K(18752K) Class: 2577K(2752K)->2577K(2752K)
[2025-08-06T13:39:36.400+0000][gc          ] GC(0) Pause Young (Concurrent Start) (Metadata GC Threshold) 310M->18M(1024M) 8.739ms
[2025-08-06T13:39:36.400+0000][gc,cpu      ] GC(0) User=0.04s Sys=0.03s Real=0.01s
[2025-08-06T13:39:36.400+0000][gc          ] GC(1) Concurrent Mark Cycle
[2025-08-06T13:39:36.400+0000][gc,marking  ] GC(1) Concurrent Clear Claimed Marks
[2025-08-06T13:39:36.400+0000][gc,marking  ] GC(1) Concurrent Clear Claimed Marks 0.062ms
[2025-08-06T13:39:36.400+0000][gc,marking  ] GC(1) Concurrent Scan Root Regions
[2025-08-06T13:39:36.402+0000][gc,marking  ] GC(1) Concurrent Scan Root Regions 1.962ms
[2025-08-06T13:39:36.402+0000][gc,marking  ] GC(1) Concurrent Mark
[2025-08-06T13:39:36.402+0000][gc,marking  ] GC(1) Concurrent Mark From Roots
[2025-08-06T13:39:36.402+0000][gc,task     ] GC(1) Using 3 workers of 3 for marking
[2025-08-06T13:39:36.403+0000][gc,marking  ] GC(1) Concurrent Mark From Roots 0.991ms
[2025-08-06T13:39:36.403+0000][gc,marking  ] GC(1) Concurrent Preclean
[2025-08-06T13:39:36.404+0000][gc,marking  ] GC(1) Concurrent Preclean 0.089ms
[2025-08-06T13:39:36.404+0000][gc,start    ] GC(1) Pause Remark
[2025-08-06T13:39:36.405+0000][gc          ] GC(1) Pause Remark 19M->19M(1024M) 1.173ms
[2025-08-06T13:39:36.405+0000][gc,cpu      ] GC(1) User=0.01s Sys=0.00s Real=0.00s
[2025-08-06T13:39:36.405+0000][gc,marking  ] GC(1) Concurrent Mark 2.675ms
[2025-08-06T13:39:36.406+0000][gc,marking  ] GC(1) Concurrent Rebuild Remembered Sets
[2025-08-06T13:39:36.406+0000][gc,marking  ] GC(1) Concurrent Rebuild Remembered Sets 0.133ms
[2025-08-06T13:39:36.406+0000][gc,start    ] GC(1) Pause Cleanup
[2025-08-06T13:39:36.406+0000][gc          ] GC(1) Pause Cleanup 19M->19M(1024M) 0.069ms
[2025-08-06T13:39:36.406+0000][gc,cpu      ] GC(1) User=0.00s Sys=0.00s Real=0.00s
[2025-08-06T13:39:36.406+0000][gc,marking  ] GC(1) Concurrent Cleanup for Next Mark
[2025-08-06T13:39:36.411+0000][gc,marking  ] GC(1) Concurrent Cleanup for Next Mark 4.480ms
[2025-08-06T13:39:36.411+0000][gc          ] GC(1) Concurrent Mark Cycle 10.644ms
[2025-08-06T13:39:37.674+0000][gc,start    ] GC(2) Pause Young (Concurrent Start) (Metadata GC Threshold)
[2025-08-06T13:39:37.674+0000][gc,task     ] GC(2) Using 13 workers of 13 for evacuation
[2025-08-06T13:39:37.688+0000][gc,phases   ] GC(2)   Pre Evacuate Collection Set: 0.2ms
[2025-08-06T13:39:37.688+0000][gc,phases   ] GC(2)   Merge Heap Roots: 0.2ms
[2025-08-06T13:39:37.688+0000][gc,phases   ] GC(2)   Evacuate Collection Set: 11.3ms
[2025-08-06T13:39:37.688+0000][gc,phases   ] GC(2)   Post Evacuate Collection Set: 1.5ms
[2025-08-06T13:39:37.688+0000][gc,phases   ] GC(2)   Other: 0.3ms
[2025-08-06T13:39:37.688+0000][gc,heap     ] GC(2) Eden regions: 463->0(466)
[2025-08-06T13:39:37.688+0000][gc,heap     ] GC(2) Survivor regions: 18->46(64)
[2025-08-06T13:39:37.688+0000][gc,heap     ] GC(2) Old regions: 0->0
[2025-08-06T13:39:37.688+0000][gc,heap     ] GC(2) Archive regions: 2->2
[2025-08-06T13:39:37.688+0000][gc,heap     ] GC(2) Humongous regions: 0->0
[2025-08-06T13:39:37.688+0000][gc,metaspace] GC(2) Metaspace: 35550K(35968K)->35550K(35968K) NonClass: 31181K(31360K)->31181K(31360K) Class: 4369K(4608K)->4369K(4608K)
[2025-08-06T13:39:37.688+0000][gc          ] GC(2) Pause Young (Concurrent Start) (Metadata GC Threshold) 481M->46M(1024M) 13.799ms
[2025-08-06T13:39:37.688+0000][gc,cpu      ] GC(2) User=0.09s Sys=0.06s Real=0.01s
[2025-08-06T13:39:37.688+0000][gc          ] GC(3) Concurrent Mark Cycle
[2025-08-06T13:39:37.688+0000][gc,marking  ] GC(3) Concurrent Clear Claimed Marks
[2025-08-06T13:39:37.689+0000][gc,marking  ] GC(3) Concurrent Clear Claimed Marks 0.464ms
[2025-08-06T13:39:37.689+0000][gc,marking  ] GC(3) Concurrent Scan Root Regions
[2025-08-06T13:39:37.693+0000][gc,marking  ] GC(3) Concurrent Scan Root Regions 4.455ms
[2025-08-06T13:39:37.693+0000][gc,marking  ] GC(3) Concurrent Mark
[2025-08-06T13:39:37.693+0000][gc,marking  ] GC(3) Concurrent Mark From Roots
[2025-08-06T13:39:37.693+0000][gc,task     ] GC(3) Using 3 workers of 3 for marking
[2025-08-06T13:39:37.694+0000][gc,marking  ] GC(3) Concurrent Mark From Roots 0.980ms
[2025-08-06T13:39:37.694+0000][gc,marking  ] GC(3) Concurrent Preclean
[2025-08-06T13:39:37.694+0000][gc,marking  ] GC(3) Concurrent Preclean 0.070ms
[2025-08-06T13:39:37.696+0000][gc,start    ] GC(3) Pause Remark
[2025-08-06T13:39:37.697+0000][gc          ] GC(3) Pause Remark 48M->48M(1024M) 1.227ms
[2025-08-06T13:39:37.697+0000][gc,cpu      ] GC(3) User=0.01s Sys=0.00s Real=0.00s
[2025-08-06T13:39:37.698+0000][gc,marking  ] GC(3) Concurrent Mark 4.270ms
[2025-08-06T13:39:37.698+0000][gc,marking  ] GC(3) Concurrent Rebuild Remembered Sets
[2025-08-06T13:39:37.698+0000][gc,marking  ] GC(3) Concurrent Rebuild Remembered Sets 0.024ms
[2025-08-06T13:39:37.698+0000][gc,start    ] GC(3) Pause Cleanup
[2025-08-06T13:39:37.698+0000][gc          ] GC(3) Pause Cleanup 48M->48M(1024M) 0.059ms
[2025-08-06T13:39:37.698+0000][gc,cpu      ] GC(3) User=0.00s Sys=0.00s Real=0.00s
[2025-08-06T13:39:37.698+0000][gc,marking  ] GC(3) Concurrent Cleanup for Next Mark
[2025-08-06T13:39:37.702+0000][gc,marking  ] GC(3) Concurrent Cleanup for Next Mark 3.827ms
[2025-08-06T13:39:37.702+0000][gc          ] GC(3) Concurrent Mark Cycle 13.616ms
[2025-08-06T13:39:39.051+0000][gc,start    ] GC(4) Pause Young (Concurrent Start) (Metadata GC Threshold)
[2025-08-06T13:39:39.051+0000][gc,task     ] GC(4) Using 13 workers of 13 for evacuation
[2025-08-06T13:39:39.061+0000][gc,phases   ] GC(4)   Pre Evacuate Collection Set: 0.2ms
[2025-08-06T13:39:39.062+0000][gc,phases   ] GC(4)   Merge Heap Roots: 0.1ms
[2025-08-06T13:39:39.062+0000][gc,phases   ] GC(4)   Evacuate Collection Set: 8.4ms
[2025-08-06T13:39:39.062+0000][gc,phases   ] GC(4)   Post Evacuate Collection Set: 1.8ms
[2025-08-06T13:39:39.062+0000][gc,phases   ] GC(4)   Other: 0.2ms
[2025-08-06T13:39:39.062+0000][gc,heap     ] GC(4) Eden regions: 308->0(468)
[2025-08-06T13:39:39.062+0000][gc,heap     ] GC(4) Survivor regions: 46->44(64)
[2025-08-06T13:39:39.062+0000][gc,heap     ] GC(4) Old regions: 0->18
[2025-08-06T13:39:39.062+0000][gc,heap     ] GC(4) Archive regions: 2->2
[2025-08-06T13:39:39.062+0000][gc,heap     ] GC(4) Humongous regions: 0->0
[2025-08-06T13:39:39.062+0000][gc,metaspace] GC(4) Metaspace: 59696K(60160K)->59696K(60160K) NonClass: 52515K(52736K)->52515K(52736K) Class: 7180K(7424K)->7180K(7424K)
[2025-08-06T13:39:39.062+0000][gc          ] GC(4) Pause Young (Concurrent Start) (Metadata GC Threshold) 354M->62M(1024M) 11.218ms
[2025-08-06T13:39:39.062+0000][gc,cpu      ] GC(4) User=0.09s Sys=0.02s Real=0.01s
[2025-08-06T13:39:39.062+0000][gc          ] GC(5) Concurrent Mark Cycle
[2025-08-06T13:39:39.062+0000][gc,marking  ] GC(5) Concurrent Clear Claimed Marks
[2025-08-06T13:39:39.062+0000][gc,marking  ] GC(5) Concurrent Clear Claimed Marks 0.101ms
[2025-08-06T13:39:39.062+0000][gc,marking  ] GC(5) Concurrent Scan Root Regions
[2025-08-06T13:39:39.068+0000][gc,marking  ] GC(5) Concurrent Scan Root Regions 5.225ms
[2025-08-06T13:39:39.069+0000][gc,marking  ] GC(5) Concurrent Mark
[2025-08-06T13:39:39.069+0000][gc,marking  ] GC(5) Concurrent Mark From Roots
[2025-08-06T13:39:39.069+0000][gc,task     ] GC(5) Using 3 workers of 3 for marking
[2025-08-06T13:39:39.070+0000][gc,marking  ] GC(5) Concurrent Mark From Roots 0.809ms
[2025-08-06T13:39:39.070+0000][gc,marking  ] GC(5) Concurrent Preclean
[2025-08-06T13:39:39.070+0000][gc,marking  ] GC(5) Concurrent Preclean 0.085ms
[2025-08-06T13:39:39.070+0000][gc,start    ] GC(5) Pause Remark
[2025-08-06T13:39:39.072+0000][gc          ] GC(5) Pause Remark 64M->64M(1024M) 1.604ms
[2025-08-06T13:39:39.072+0000][gc,cpu      ] GC(5) User=0.01s Sys=0.00s Real=0.00s
[2025-08-06T13:39:39.072+0000][gc,marking  ] GC(5) Concurrent Mark 2.870ms
[2025-08-06T13:39:39.072+0000][gc,marking  ] GC(5) Concurrent Rebuild Remembered Sets
[2025-08-06T13:39:39.074+0000][gc,marking  ] GC(5) Concurrent Rebuild Remembered Sets 2.139ms
[2025-08-06T13:39:39.075+0000][gc,start    ] GC(5) Pause Cleanup
[2025-08-06T13:39:39.075+0000][gc          ] GC(5) Pause Cleanup 65M->65M(1024M) 0.132ms
[2025-08-06T13:39:39.075+0000][gc,cpu      ] GC(5) User=0.00s Sys=0.00s Real=0.00s
[2025-08-06T13:39:39.075+0000][gc,marking  ] GC(5) Concurrent Cleanup for Next Mark
[2025-08-06T13:39:39.076+0000][gc,marking  ] GC(5) Concurrent Cleanup for Next Mark 0.532ms
[2025-08-06T13:39:39.076+0000][gc          ] GC(5) Concurrent Mark Cycle 13.438ms
[2025-08-06T13:39:40.120+0000][gc,start    ] GC(6) Pause Young (Normal) (G1 Evacuation Pause)
[2025-08-06T13:39:40.120+0000][gc,task     ] GC(6) Using 13 workers of 13 for evacuation
[2025-08-06T13:39:40.133+0000][gc,phases   ] GC(6)   Pre Evacuate Collection Set: 0.2ms
[2025-08-06T13:39:40.133+0000][gc,phases   ] GC(6)   Merge Heap Roots: 0.2ms
[2025-08-06T13:39:40.133+0000][gc,phases   ] GC(6)   Evacuate Collection Set: 11.2ms
[2025-08-06T13:39:40.133+0000][gc,phases   ] GC(6)   Post Evacuate Collection Set: 1.2ms
[2025-08-06T13:39:40.133+0000][gc,phases   ] GC(6)   Other: 0.3ms
[2025-08-06T13:39:40.133+0000][gc,heap     ] GC(6) Eden regions: 468->0(467)
[2025-08-06T13:39:40.133+0000][gc,heap     ] GC(6) Survivor regions: 44->45(64)
[2025-08-06T13:39:40.133+0000][gc,heap     ] GC(6) Old regions: 18->44
[2025-08-06T13:39:40.134+0000][gc,heap     ] GC(6) Archive regions: 2->2
[2025-08-06T13:39:40.134+0000][gc,heap     ] GC(6) Humongous regions: 1->0
[2025-08-06T13:39:40.134+0000][gc,metaspace] GC(6) Metaspace: 73638K(74240K)->73638K(74240K) NonClass: 64555K(64896K)->64555K(64896K) Class: 9083K(9344K)->9083K(9344K)
[2025-08-06T13:39:40.134+0000][gc          ] GC(6) Pause Young (Normal) (G1 Evacuation Pause) 531M->88M(1024M) 13.929ms
[2025-08-06T13:39:40.134+0000][gc,cpu      ] GC(6) User=0.11s Sys=0.07s Real=0.02s
[2025-08-06T13:39:41.029+0000][gc,start    ] GC(7) Pause Young (Normal) (G1 Evacuation Pause)
[2025-08-06T13:39:41.029+0000][gc,task     ] GC(7) Using 13 workers of 13 for evacuation
[2025-08-06T13:39:41.042+0000][gc,phases   ] GC(7)   Pre Evacuate Collection Set: 0.2ms
[2025-08-06T13:39:41.042+0000][gc,phases   ] GC(7)   Merge Heap Roots: 0.2ms
[2025-08-06T13:39:41.042+0000][gc,phases   ] GC(7)   Evacuate Collection Set: 10.7ms
[2025-08-06T13:39:41.042+0000][gc,phases   ] GC(7)   Post Evacuate Collection Set: 1.4ms
[2025-08-06T13:39:41.042+0000][gc,phases   ] GC(7)   Other: 0.3ms
[2025-08-06T13:39:41.042+0000][gc,heap     ] GC(7) Eden regions: 467->0(448)
[2025-08-06T13:39:41.042+0000][gc,heap     ] GC(7) Survivor regions: 45->64(64)
[2025-08-06T13:39:41.043+0000][gc,heap     ] GC(7) Old regions: 44->59
[2025-08-06T13:39:41.043+0000][gc,heap     ] GC(7) Archive regions: 2->2
[2025-08-06T13:39:41.043+0000][gc,heap     ] GC(7) Humongous regions: 0->0
[2025-08-06T13:39:41.043+0000][gc,metaspace] GC(7) Metaspace: 81243K(81856K)->81243K(81856K) NonClass: 71195K(71488K)->71195K(71488K) Class: 10048K(10368K)->10048K(10368K)
[2025-08-06T13:39:41.043+0000][gc          ] GC(7) Pause Young (Normal) (G1 Evacuation Pause) 555M->122M(1024M) 13.508ms
[2025-08-06T13:39:41.043+0000][gc,cpu      ] GC(7) User=0.12s Sys=0.04s Real=0.02s
[2025-08-06T13:42:00.117+0000][gc,start    ] GC(8) Pause Young (Normal) (G1 Evacuation Pause)
[2025-08-06T13:42:00.118+0000][gc,task     ] GC(8) Using 13 workers of 13 for evacuation
[2025-08-06T13:42:00.134+0000][gc,phases   ] GC(8)   Pre Evacuate Collection Set: 0.8ms
[2025-08-06T13:42:00.134+0000][gc,phases   ] GC(8)   Merge Heap Roots: 0.4ms
[2025-08-06T13:42:00.134+0000][gc,phases   ] GC(8)   Evacuate Collection Set: 11.9ms
[2025-08-06T13:42:00.134+0000][gc,phases   ] GC(8)   Post Evacuate Collection Set: 2.6ms
[2025-08-06T13:42:00.135+0000][gc,phases   ] GC(8)   Other: 1.3ms
[2025-08-06T13:42:00.135+0000][gc,heap     ] GC(8) Eden regions: 448->0(486)
[2025-08-06T13:42:00.135+0000][gc,heap     ] GC(8) Survivor regions: 64->26(64)
[2025-08-06T13:42:00.135+0000][gc,heap     ] GC(8) Old regions: 59->80
[2025-08-06T13:42:00.135+0000][gc,heap     ] GC(8) Archive regions: 2->2
[2025-08-06T13:42:00.135+0000][gc,heap     ] GC(8) Humongous regions: 0->0
[2025-08-06T13:42:00.135+0000][gc,metaspace] GC(8) Metaspace: 91320K(92288K)->91320K(92288K) NonClass: 80244K(80704K)->80244K(80704K) Class: 11075K(11584K)->11075K(11584K)
[2025-08-06T13:42:00.135+0000][gc          ] GC(8) Pause Young (Normal) (G1 Evacuation Pause) 570M->106M(1024M) 17.886ms
[2025-08-06T13:42:00.135+0000][gc,cpu      ] GC(8) User=0.10s Sys=0.02s Real=0.02s
[2025-08-06T14:10:18.967+0000][gc,heap,exit] Heap
[2025-08-06T14:10:18.968+0000][gc,heap,exit]  garbage-first heap   total 1048576K, used 546228K [0x00000000c0000000, 0x0000000100000000)
[2025-08-06T14:10:18.968+0000][gc,heap,exit]   region size 1024K, 453 young (463872K), 26 survivors (26624K)
[2025-08-06T14:10:18.968+0000][gc,heap,exit]  Metaspace       used 96417K, committed 97472K, reserved 1179648K
[2025-08-06T14:10:18.968+0000][gc,heap,exit]   class space    used 11318K, committed 11840K, reserved 1048576K
