[2025-08-07T02:48:47.162+0000][gc] Using G1
[2025-08-07T02:48:47.168+0000][gc,init] Version: 17.0.15+6-alpine-r0 (release)
[2025-08-07T02:48:47.168+0000][gc,init] CPUs: 16 total, 16 available
[2025-08-07T02:48:47.168+0000][gc,init] Memory: 7836M
[2025-08-07T02:48:47.168+0000][gc,init] Large Page Support: Disabled
[2025-08-07T02:48:47.168+0000][gc,init] NUMA Support: Disabled
[2025-08-07T02:48:47.168+0000][gc,init] Compressed Oops: Enabled (32-bit)
[2025-08-07T02:48:47.168+0000][gc,init] Heap Region Size: 1M
[2025-08-07T02:48:47.168+0000][gc,init] Heap Min Capacity: 1G
[2025-08-07T02:48:47.168+0000][gc,init] Heap Initial Capacity: 1G
[2025-08-07T02:48:47.169+0000][gc,init] Heap Max Capacity: 1G
[2025-08-07T02:48:47.169+0000][gc,init] Pre-touch: Disabled
[2025-08-07T02:48:47.169+0000][gc,init] Parallel Workers: 13
[2025-08-07T02:48:47.169+0000][gc,init] Concurrent Workers: 3
[2025-08-07T02:48:47.169+0000][gc,init] Concurrent Refinement Workers: 13
[2025-08-07T02:48:47.169+0000][gc,init] Periodic GC: Disabled
[2025-08-07T02:48:47.179+0000][gc,metaspace] CDS archive(s) mapped at: [0x000000d000000000-0x000000d000be0000-0x000000d000be0000), size 12451840, SharedBaseAddress: 0x000000d000000000, ArchiveRelocationMode: 1.
[2025-08-07T02:48:47.179+0000][gc,metaspace] Compressed class space mapped at: 0x000000d001000000-0x000000d041000000, reserved size: 1073741824
[2025-08-07T02:48:47.179+0000][gc,metaspace] Narrow klass base: 0x000000d000000000, Narrow klass shift: 0, Narrow klass range: 0x100000000
[2025-08-07T02:48:48.935+0000][gc,start    ] GC(0) Pause Young (Concurrent Start) (Metadata GC Threshold)
[2025-08-07T02:48:48.935+0000][gc,task     ] GC(0) Using 13 workers of 13 for evacuation
[2025-08-07T02:48:48.944+0000][gc,phases   ] GC(0)   Pre Evacuate Collection Set: 0.3ms
[2025-08-07T02:48:48.944+0000][gc,phases   ] GC(0)   Merge Heap Roots: 0.1ms
[2025-08-07T02:48:48.944+0000][gc,phases   ] GC(0)   Evacuate Collection Set: 7.3ms
[2025-08-07T02:48:48.944+0000][gc,phases   ] GC(0)   Post Evacuate Collection Set: 0.9ms
[2025-08-07T02:48:48.944+0000][gc,phases   ] GC(0)   Other: 1.0ms
[2025-08-07T02:48:48.944+0000][gc,heap     ] GC(0) Eden regions: 325->0(494)
[2025-08-07T02:48:48.944+0000][gc,heap     ] GC(0) Survivor regions: 0->18(64)
[2025-08-07T02:48:48.944+0000][gc,heap     ] GC(0) Old regions: 0->0
[2025-08-07T02:48:48.944+0000][gc,heap     ] GC(0) Archive regions: 2->2
[2025-08-07T02:48:48.944+0000][gc,heap     ] GC(0) Humongous regions: 0->0
[2025-08-07T02:48:48.944+0000][gc,metaspace] GC(0) Metaspace: 21161K(21504K)->21161K(21504K) NonClass: 18582K(18752K)->18582K(18752K) Class: 2579K(2752K)->2579K(2752K)
[2025-08-07T02:48:48.944+0000][gc          ] GC(0) Pause Young (Concurrent Start) (Metadata GC Threshold) 325M->18M(1024M) 9.912ms
[2025-08-07T02:48:48.945+0000][gc,cpu      ] GC(0) User=0.05s Sys=0.04s Real=0.01s
[2025-08-07T02:48:48.945+0000][gc          ] GC(1) Concurrent Mark Cycle
[2025-08-07T02:48:48.945+0000][gc,marking  ] GC(1) Concurrent Clear Claimed Marks
[2025-08-07T02:48:48.945+0000][gc,marking  ] GC(1) Concurrent Clear Claimed Marks 0.228ms
[2025-08-07T02:48:48.945+0000][gc,marking  ] GC(1) Concurrent Scan Root Regions
[2025-08-07T02:48:48.947+0000][gc,marking  ] GC(1) Concurrent Scan Root Regions 1.989ms
[2025-08-07T02:48:48.951+0000][gc,marking  ] GC(1) Concurrent Mark
[2025-08-07T02:48:48.951+0000][gc,marking  ] GC(1) Concurrent Mark From Roots
[2025-08-07T02:48:48.951+0000][gc,task     ] GC(1) Using 3 workers of 3 for marking
[2025-08-07T02:48:48.952+0000][gc,marking  ] GC(1) Concurrent Mark From Roots 1.062ms
[2025-08-07T02:48:48.952+0000][gc,marking  ] GC(1) Concurrent Preclean
[2025-08-07T02:48:48.952+0000][gc,marking  ] GC(1) Concurrent Preclean 0.112ms
[2025-08-07T02:48:48.953+0000][gc,start    ] GC(1) Pause Remark
[2025-08-07T02:48:48.954+0000][gc          ] GC(1) Pause Remark 22M->22M(1024M) 1.172ms
[2025-08-07T02:48:48.954+0000][gc,cpu      ] GC(1) User=0.01s Sys=0.00s Real=0.00s
[2025-08-07T02:48:48.954+0000][gc,marking  ] GC(1) Concurrent Mark 3.299ms
[2025-08-07T02:48:48.955+0000][gc,marking  ] GC(1) Concurrent Rebuild Remembered Sets
[2025-08-07T02:48:48.955+0000][gc,marking  ] GC(1) Concurrent Rebuild Remembered Sets 0.132ms
[2025-08-07T02:48:48.955+0000][gc,start    ] GC(1) Pause Cleanup
[2025-08-07T02:48:48.955+0000][gc          ] GC(1) Pause Cleanup 23M->23M(1024M) 0.036ms
[2025-08-07T02:48:48.955+0000][gc,cpu      ] GC(1) User=0.00s Sys=0.00s Real=0.00s
[2025-08-07T02:48:48.955+0000][gc,marking  ] GC(1) Concurrent Cleanup for Next Mark
[2025-08-07T02:48:48.958+0000][gc,marking  ] GC(1) Concurrent Cleanup for Next Mark 2.854ms
[2025-08-07T02:48:48.958+0000][gc          ] GC(1) Concurrent Mark Cycle 13.881ms
[2025-08-07T02:48:50.079+0000][gc,start    ] GC(2) Pause Young (Concurrent Start) (Metadata GC Threshold)
[2025-08-07T02:48:50.079+0000][gc,task     ] GC(2) Using 13 workers of 13 for evacuation
[2025-08-07T02:48:50.093+0000][gc,phases   ] GC(2)   Pre Evacuate Collection Set: 0.2ms
[2025-08-07T02:48:50.093+0000][gc,phases   ] GC(2)   Merge Heap Roots: 0.2ms
[2025-08-07T02:48:50.093+0000][gc,phases   ] GC(2)   Evacuate Collection Set: 11.4ms
[2025-08-07T02:48:50.093+0000][gc,phases   ] GC(2)   Post Evacuate Collection Set: 1.5ms
[2025-08-07T02:48:50.093+0000][gc,phases   ] GC(2)   Other: 0.3ms
[2025-08-07T02:48:50.093+0000][gc,heap     ] GC(2) Eden regions: 462->0(465)
[2025-08-07T02:48:50.093+0000][gc,heap     ] GC(2) Survivor regions: 18->47(64)
[2025-08-07T02:48:50.093+0000][gc,heap     ] GC(2) Old regions: 0->0
[2025-08-07T02:48:50.093+0000][gc,heap     ] GC(2) Archive regions: 2->2
[2025-08-07T02:48:50.093+0000][gc,heap     ] GC(2) Humongous regions: 0->0
[2025-08-07T02:48:50.093+0000][gc,metaspace] GC(2) Metaspace: 35544K(35968K)->35544K(35968K) NonClass: 31174K(31360K)->31174K(31360K) Class: 4370K(4608K)->4370K(4608K)
[2025-08-07T02:48:50.093+0000][gc          ] GC(2) Pause Young (Concurrent Start) (Metadata GC Threshold) 480M->47M(1024M) 13.838ms
[2025-08-07T02:48:50.093+0000][gc,cpu      ] GC(2) User=0.10s Sys=0.05s Real=0.02s
[2025-08-07T02:48:50.093+0000][gc          ] GC(3) Concurrent Mark Cycle
[2025-08-07T02:48:50.093+0000][gc,marking  ] GC(3) Concurrent Clear Claimed Marks
[2025-08-07T02:48:50.093+0000][gc,marking  ] GC(3) Concurrent Clear Claimed Marks 0.112ms
[2025-08-07T02:48:50.093+0000][gc,marking  ] GC(3) Concurrent Scan Root Regions
[2025-08-07T02:48:50.098+0000][gc,marking  ] GC(3) Concurrent Scan Root Regions 4.478ms
[2025-08-07T02:48:50.098+0000][gc,marking  ] GC(3) Concurrent Mark
[2025-08-07T02:48:50.098+0000][gc,marking  ] GC(3) Concurrent Mark From Roots
[2025-08-07T02:48:50.098+0000][gc,task     ] GC(3) Using 3 workers of 3 for marking
[2025-08-07T02:48:50.099+0000][gc,marking  ] GC(3) Concurrent Mark From Roots 1.286ms
[2025-08-07T02:48:50.100+0000][gc,marking  ] GC(3) Concurrent Preclean
[2025-08-07T02:48:50.100+0000][gc,marking  ] GC(3) Concurrent Preclean 0.211ms
[2025-08-07T02:48:50.101+0000][gc,start    ] GC(3) Pause Remark
[2025-08-07T02:48:50.102+0000][gc          ] GC(3) Pause Remark 48M->48M(1024M) 1.278ms
[2025-08-07T02:48:50.102+0000][gc,cpu      ] GC(3) User=0.01s Sys=0.00s Real=0.00s
[2025-08-07T02:48:50.102+0000][gc,marking  ] GC(3) Concurrent Mark 4.397ms
[2025-08-07T02:48:50.102+0000][gc,marking  ] GC(3) Concurrent Rebuild Remembered Sets
[2025-08-07T02:48:50.102+0000][gc,marking  ] GC(3) Concurrent Rebuild Remembered Sets 0.043ms
[2025-08-07T02:48:50.104+0000][gc,start    ] GC(3) Pause Cleanup
[2025-08-07T02:48:50.104+0000][gc          ] GC(3) Pause Cleanup 48M->48M(1024M) 0.076ms
[2025-08-07T02:48:50.104+0000][gc,cpu      ] GC(3) User=0.00s Sys=0.00s Real=0.00s
[2025-08-07T02:48:50.104+0000][gc,marking  ] GC(3) Concurrent Cleanup for Next Mark
[2025-08-07T02:48:50.107+0000][gc,marking  ] GC(3) Concurrent Cleanup for Next Mark 2.397ms
[2025-08-07T02:48:50.107+0000][gc          ] GC(3) Concurrent Mark Cycle 13.641ms
[2025-08-07T02:48:52.284+0000][gc,start    ] GC(4) Pause Young (Concurrent Start) (Metadata GC Threshold)
[2025-08-07T02:48:52.284+0000][gc,task     ] GC(4) Using 13 workers of 13 for evacuation
[2025-08-07T02:48:52.295+0000][gc,phases   ] GC(4)   Pre Evacuate Collection Set: 0.2ms
[2025-08-07T02:48:52.295+0000][gc,phases   ] GC(4)   Merge Heap Roots: 0.1ms
[2025-08-07T02:48:52.295+0000][gc,phases   ] GC(4)   Evacuate Collection Set: 8.3ms
[2025-08-07T02:48:52.295+0000][gc,phases   ] GC(4)   Post Evacuate Collection Set: 2.2ms
[2025-08-07T02:48:52.295+0000][gc,phases   ] GC(4)   Other: 0.2ms
[2025-08-07T02:48:52.295+0000][gc,heap     ] GC(4) Eden regions: 295->0(470)
[2025-08-07T02:48:52.296+0000][gc,heap     ] GC(4) Survivor regions: 47->42(64)
[2025-08-07T02:48:52.296+0000][gc,heap     ] GC(4) Old regions: 0->18
[2025-08-07T02:48:52.296+0000][gc,heap     ] GC(4) Archive regions: 2->2
[2025-08-07T02:48:52.296+0000][gc,heap     ] GC(4) Humongous regions: 0->0
[2025-08-07T02:48:52.296+0000][gc,metaspace] GC(4) Metaspace: 59542K(60096K)->59542K(60096K) NonClass: 52342K(52608K)->52342K(52608K) Class: 7200K(7488K)->7200K(7488K)
[2025-08-07T02:48:52.296+0000][gc          ] GC(4) Pause Young (Concurrent Start) (Metadata GC Threshold) 342M->60M(1024M) 11.696ms
[2025-08-07T02:48:52.296+0000][gc,cpu      ] GC(4) User=0.07s Sys=0.03s Real=0.01s
[2025-08-07T02:48:52.296+0000][gc          ] GC(5) Concurrent Mark Cycle
[2025-08-07T02:48:52.296+0000][gc,marking  ] GC(5) Concurrent Clear Claimed Marks
[2025-08-07T02:48:52.296+0000][gc,marking  ] GC(5) Concurrent Clear Claimed Marks 0.078ms
[2025-08-07T02:48:52.296+0000][gc,marking  ] GC(5) Concurrent Scan Root Regions
[2025-08-07T02:48:52.301+0000][gc,marking  ] GC(5) Concurrent Scan Root Regions 4.886ms
[2025-08-07T02:48:52.301+0000][gc,marking  ] GC(5) Concurrent Mark
[2025-08-07T02:48:52.302+0000][gc,marking  ] GC(5) Concurrent Mark From Roots
[2025-08-07T02:48:52.302+0000][gc,task     ] GC(5) Using 3 workers of 3 for marking
[2025-08-07T02:48:52.303+0000][gc,marking  ] GC(5) Concurrent Mark From Roots 1.255ms
[2025-08-07T02:48:52.303+0000][gc,marking  ] GC(5) Concurrent Preclean
[2025-08-07T02:48:52.303+0000][gc,marking  ] GC(5) Concurrent Preclean 0.087ms
[2025-08-07T02:48:52.304+0000][gc,start    ] GC(5) Pause Remark
[2025-08-07T02:48:52.306+0000][gc          ] GC(5) Pause Remark 62M->62M(1024M) 1.751ms
[2025-08-07T02:48:52.306+0000][gc,cpu      ] GC(5) User=0.01s Sys=0.00s Real=0.00s
[2025-08-07T02:48:52.306+0000][gc,marking  ] GC(5) Concurrent Mark 4.852ms
[2025-08-07T02:48:52.306+0000][gc,marking  ] GC(5) Concurrent Rebuild Remembered Sets
[2025-08-07T02:48:52.308+0000][gc,marking  ] GC(5) Concurrent Rebuild Remembered Sets 2.032ms
[2025-08-07T02:48:52.308+0000][gc,start    ] GC(5) Pause Cleanup
[2025-08-07T02:48:52.308+0000][gc          ] GC(5) Pause Cleanup 63M->63M(1024M) 0.182ms
[2025-08-07T02:48:52.308+0000][gc,cpu      ] GC(5) User=0.00s Sys=0.00s Real=0.00s
[2025-08-07T02:48:52.308+0000][gc,marking  ] GC(5) Concurrent Cleanup for Next Mark
[2025-08-07T02:48:52.309+0000][gc,marking  ] GC(5) Concurrent Cleanup for Next Mark 1.062ms
[2025-08-07T02:48:52.310+0000][gc          ] GC(5) Concurrent Mark Cycle 13.660ms
[2025-08-07T02:48:53.422+0000][gc,start    ] GC(6) Pause Young (Normal) (G1 Evacuation Pause)
[2025-08-07T02:48:53.422+0000][gc,task     ] GC(6) Using 13 workers of 13 for evacuation
[2025-08-07T02:48:53.436+0000][gc,phases   ] GC(6)   Pre Evacuate Collection Set: 0.2ms
[2025-08-07T02:48:53.436+0000][gc,phases   ] GC(6)   Merge Heap Roots: 0.2ms
[2025-08-07T02:48:53.436+0000][gc,phases   ] GC(6)   Evacuate Collection Set: 12.0ms
[2025-08-07T02:48:53.436+0000][gc,phases   ] GC(6)   Post Evacuate Collection Set: 1.3ms
[2025-08-07T02:48:53.436+0000][gc,phases   ] GC(6)   Other: 0.4ms
[2025-08-07T02:48:53.436+0000][gc,heap     ] GC(6) Eden regions: 470->0(469)
[2025-08-07T02:48:53.436+0000][gc,heap     ] GC(6) Survivor regions: 42->43(64)
[2025-08-07T02:48:53.436+0000][gc,heap     ] GC(6) Old regions: 18->45
[2025-08-07T02:48:53.436+0000][gc,heap     ] GC(6) Archive regions: 2->2
[2025-08-07T02:48:53.436+0000][gc,heap     ] GC(6) Humongous regions: 1->0
[2025-08-07T02:48:53.436+0000][gc,metaspace] GC(6) Metaspace: 73769K(74368K)->73769K(74368K) NonClass: 64637K(64960K)->64637K(64960K) Class: 9131K(9408K)->9131K(9408K)
[2025-08-07T02:48:53.436+0000][gc          ] GC(6) Pause Young (Normal) (G1 Evacuation Pause) 531M->87M(1024M) 14.783ms
[2025-08-07T02:48:53.436+0000][gc,cpu      ] GC(6) User=0.12s Sys=0.07s Real=0.01s
[2025-08-07T02:48:54.293+0000][gc,start    ] GC(7) Pause Young (Normal) (G1 Evacuation Pause)
[2025-08-07T02:48:54.293+0000][gc,task     ] GC(7) Using 13 workers of 13 for evacuation
[2025-08-07T02:48:54.303+0000][gc,phases   ] GC(7)   Pre Evacuate Collection Set: 0.2ms
[2025-08-07T02:48:54.303+0000][gc,phases   ] GC(7)   Merge Heap Roots: 0.2ms
[2025-08-07T02:48:54.303+0000][gc,phases   ] GC(7)   Evacuate Collection Set: 8.1ms
[2025-08-07T02:48:54.303+0000][gc,phases   ] GC(7)   Post Evacuate Collection Set: 1.3ms
[2025-08-07T02:48:54.303+0000][gc,phases   ] GC(7)   Other: 0.4ms
[2025-08-07T02:48:54.303+0000][gc,heap     ] GC(7) Eden regions: 469->0(451)
[2025-08-07T02:48:54.303+0000][gc,heap     ] GC(7) Survivor regions: 43->61(64)
[2025-08-07T02:48:54.303+0000][gc,heap     ] GC(7) Old regions: 45->59
[2025-08-07T02:48:54.303+0000][gc,heap     ] GC(7) Archive regions: 2->2
[2025-08-07T02:48:54.303+0000][gc,heap     ] GC(7) Humongous regions: 0->0
[2025-08-07T02:48:54.303+0000][gc,metaspace] GC(7) Metaspace: 81463K(82112K)->81463K(82112K) NonClass: 71355K(71680K)->71355K(71680K) Class: 10107K(10432K)->10107K(10432K)
[2025-08-07T02:48:54.303+0000][gc          ] GC(7) Pause Young (Normal) (G1 Evacuation Pause) 556M->120M(1024M) 10.780ms
[2025-08-07T02:48:54.303+0000][gc,cpu      ] GC(7) User=0.10s Sys=0.02s Real=0.01s
[2025-08-07T02:52:40.302+0000][gc,start    ] GC(8) Pause Young (Normal) (G1 Evacuation Pause)
[2025-08-07T02:52:40.302+0000][gc,task     ] GC(8) Using 13 workers of 13 for evacuation
[2025-08-07T02:52:40.309+0000][gc,phases   ] GC(8)   Pre Evacuate Collection Set: 0.2ms
[2025-08-07T02:52:40.309+0000][gc,phases   ] GC(8)   Merge Heap Roots: 0.2ms
[2025-08-07T02:52:40.309+0000][gc,phases   ] GC(8)   Evacuate Collection Set: 5.3ms
[2025-08-07T02:52:40.309+0000][gc,phases   ] GC(8)   Post Evacuate Collection Set: 1.4ms
[2025-08-07T02:52:40.309+0000][gc,phases   ] GC(8)   Other: 0.2ms
[2025-08-07T02:52:40.309+0000][gc,heap     ] GC(8) Eden regions: 451->0(489)
[2025-08-07T02:52:40.309+0000][gc,heap     ] GC(8) Survivor regions: 61->23(64)
[2025-08-07T02:52:40.309+0000][gc,heap     ] GC(8) Old regions: 59->81
[2025-08-07T02:52:40.309+0000][gc,heap     ] GC(8) Archive regions: 2->2
[2025-08-07T02:52:40.309+0000][gc,heap     ] GC(8) Humongous regions: 0->0
[2025-08-07T02:52:40.310+0000][gc,metaspace] GC(8) Metaspace: 90280K(91072K)->90280K(91072K) NonClass: 79383K(79808K)->79383K(79808K) Class: 10896K(11264K)->10896K(11264K)
[2025-08-07T02:52:40.310+0000][gc          ] GC(8) Pause Young (Normal) (G1 Evacuation Pause) 571M->104M(1024M) 7.961ms
[2025-08-07T02:52:40.310+0000][gc,cpu      ] GC(8) User=0.07s Sys=0.01s Real=0.01s
[2025-08-07T02:52:41.249+0000][gc,heap,exit] Heap
[2025-08-07T02:52:41.249+0000][gc,heap,exit]  garbage-first heap   total 1048576K, used 142062K [0x00000000c0000000, 0x0000000100000000)
[2025-08-07T02:52:41.249+0000][gc,heap,exit]   region size 1024K, 57 young (58368K), 23 survivors (23552K)
[2025-08-07T02:52:41.249+0000][gc,heap,exit]  Metaspace       used 90712K, committed 91584K, reserved 1179648K
[2025-08-07T02:52:41.249+0000][gc,heap,exit]   class space    used 10967K, committed 11392K, reserved 1048576K
