[2025-08-06T14:11:36.269+0000][gc] Using G1
[2025-08-06T14:11:36.272+0000][gc,init] Version: 17.0.15+6-alpine-r0 (release)
[2025-08-06T14:11:36.272+0000][gc,init] CPUs: 16 total, 16 available
[2025-08-06T14:11:36.272+0000][gc,init] Memory: 7836M
[2025-08-06T14:11:36.272+0000][gc,init] Large Page Support: Disabled
[2025-08-06T14:11:36.272+0000][gc,init] NUMA Support: Disabled
[2025-08-06T14:11:36.272+0000][gc,init] Compressed Oops: Enabled (32-bit)
[2025-08-06T14:11:36.272+0000][gc,init] Heap Region Size: 1M
[2025-08-06T14:11:36.272+0000][gc,init] Heap Min Capacity: 1G
[2025-08-06T14:11:36.272+0000][gc,init] Heap Initial Capacity: 1G
[2025-08-06T14:11:36.272+0000][gc,init] Heap Max Capacity: 1G
[2025-08-06T14:11:36.272+0000][gc,init] Pre-touch: Disabled
[2025-08-06T14:11:36.272+0000][gc,init] Parallel Workers: 13
[2025-08-06T14:11:36.272+0000][gc,init] Concurrent Workers: 3
[2025-08-06T14:11:36.272+0000][gc,init] Concurrent Refinement Workers: 13
[2025-08-06T14:11:36.272+0000][gc,init] Periodic GC: Disabled
[2025-08-06T14:11:36.276+0000][gc,metaspace] CDS archive(s) mapped at: [0x0000005800000000-0x0000005800be0000-0x0000005800be0000), size 12451840, SharedBaseAddress: 0x0000005800000000, ArchiveRelocationMode: 1.
[2025-08-06T14:11:36.276+0000][gc,metaspace] Compressed class space mapped at: 0x0000005801000000-0x0000005841000000, reserved size: 1073741824
[2025-08-06T14:11:36.276+0000][gc,metaspace] Narrow klass base: 0x0000005800000000, Narrow klass shift: 0, Narrow klass range: 0x100000000
[2025-08-06T14:11:37.511+0000][gc,start    ] GC(0) Pause Young (Concurrent Start) (Metadata GC Threshold)
[2025-08-06T14:11:37.511+0000][gc,task     ] GC(0) Using 13 workers of 13 for evacuation
[2025-08-06T14:11:37.517+0000][gc,phases   ] GC(0)   Pre Evacuate Collection Set: 0.1ms
[2025-08-06T14:11:37.517+0000][gc,phases   ] GC(0)   Merge Heap Roots: 0.1ms
[2025-08-06T14:11:37.517+0000][gc,phases   ] GC(0)   Evacuate Collection Set: 3.2ms
[2025-08-06T14:11:37.517+0000][gc,phases   ] GC(0)   Post Evacuate Collection Set: 1.8ms
[2025-08-06T14:11:37.517+0000][gc,phases   ] GC(0)   Other: 0.8ms
[2025-08-06T14:11:37.517+0000][gc,heap     ] GC(0) Eden regions: 326->0(494)
[2025-08-06T14:11:37.517+0000][gc,heap     ] GC(0) Survivor regions: 0->18(64)
[2025-08-06T14:11:37.517+0000][gc,heap     ] GC(0) Old regions: 0->0
[2025-08-06T14:11:37.517+0000][gc,heap     ] GC(0) Archive regions: 2->2
[2025-08-06T14:11:37.517+0000][gc,heap     ] GC(0) Humongous regions: 0->0
[2025-08-06T14:11:37.517+0000][gc,metaspace] GC(0) Metaspace: 21136K(21504K)->21136K(21504K) NonClass: 18560K(18752K)->18560K(18752K) Class: 2576K(2752K)->2576K(2752K)
[2025-08-06T14:11:37.517+0000][gc          ] GC(0) Pause Young (Concurrent Start) (Metadata GC Threshold) 326M->18M(1024M) 6.426ms
[2025-08-06T14:11:37.517+0000][gc,cpu      ] GC(0) User=0.03s Sys=0.00s Real=0.01s
[2025-08-06T14:11:37.517+0000][gc          ] GC(1) Concurrent Mark Cycle
[2025-08-06T14:11:37.517+0000][gc,marking  ] GC(1) Concurrent Clear Claimed Marks
[2025-08-06T14:11:37.517+0000][gc,marking  ] GC(1) Concurrent Clear Claimed Marks 0.085ms
[2025-08-06T14:11:37.517+0000][gc,marking  ] GC(1) Concurrent Scan Root Regions
[2025-08-06T14:11:37.519+0000][gc,marking  ] GC(1) Concurrent Scan Root Regions 1.907ms
[2025-08-06T14:11:37.519+0000][gc,marking  ] GC(1) Concurrent Mark
[2025-08-06T14:11:37.519+0000][gc,marking  ] GC(1) Concurrent Mark From Roots
[2025-08-06T14:11:37.519+0000][gc,task     ] GC(1) Using 3 workers of 3 for marking
[2025-08-06T14:11:37.520+0000][gc,marking  ] GC(1) Concurrent Mark From Roots 1.009ms
[2025-08-06T14:11:37.520+0000][gc,marking  ] GC(1) Concurrent Preclean
[2025-08-06T14:11:37.520+0000][gc,marking  ] GC(1) Concurrent Preclean 0.092ms
[2025-08-06T14:11:37.522+0000][gc,start    ] GC(1) Pause Remark
[2025-08-06T14:11:37.523+0000][gc          ] GC(1) Pause Remark 19M->19M(1024M) 1.210ms
[2025-08-06T14:11:37.523+0000][gc,cpu      ] GC(1) User=0.00s Sys=0.00s Real=0.00s
[2025-08-06T14:11:37.523+0000][gc,marking  ] GC(1) Concurrent Mark 3.806ms
[2025-08-06T14:11:37.523+0000][gc,marking  ] GC(1) Concurrent Rebuild Remembered Sets
[2025-08-06T14:11:37.523+0000][gc,marking  ] GC(1) Concurrent Rebuild Remembered Sets 0.119ms
[2025-08-06T14:11:37.524+0000][gc,start    ] GC(1) Pause Cleanup
[2025-08-06T14:11:37.524+0000][gc          ] GC(1) Pause Cleanup 19M->19M(1024M) 0.099ms
[2025-08-06T14:11:37.524+0000][gc,cpu      ] GC(1) User=0.00s Sys=0.00s Real=0.00s
[2025-08-06T14:11:37.524+0000][gc,marking  ] GC(1) Concurrent Cleanup for Next Mark
[2025-08-06T14:11:37.525+0000][gc,marking  ] GC(1) Concurrent Cleanup for Next Mark 1.136ms
[2025-08-06T14:11:37.525+0000][gc          ] GC(1) Concurrent Mark Cycle 7.784ms
[2025-08-06T14:11:38.514+0000][gc,start    ] GC(2) Pause Young (Concurrent Start) (Metadata GC Threshold)
[2025-08-06T14:11:38.514+0000][gc,task     ] GC(2) Using 13 workers of 13 for evacuation
[2025-08-06T14:11:38.522+0000][gc,phases   ] GC(2)   Pre Evacuate Collection Set: 0.2ms
[2025-08-06T14:11:38.522+0000][gc,phases   ] GC(2)   Merge Heap Roots: 0.1ms
[2025-08-06T14:11:38.522+0000][gc,phases   ] GC(2)   Evacuate Collection Set: 5.9ms
[2025-08-06T14:11:38.522+0000][gc,phases   ] GC(2)   Post Evacuate Collection Set: 1.7ms
[2025-08-06T14:11:38.522+0000][gc,phases   ] GC(2)   Other: 0.3ms
[2025-08-06T14:11:38.522+0000][gc,heap     ] GC(2) Eden regions: 462->0(466)
[2025-08-06T14:11:38.522+0000][gc,heap     ] GC(2) Survivor regions: 18->46(64)
[2025-08-06T14:11:38.522+0000][gc,heap     ] GC(2) Old regions: 0->0
[2025-08-06T14:11:38.522+0000][gc,heap     ] GC(2) Archive regions: 2->2
[2025-08-06T14:11:38.522+0000][gc,heap     ] GC(2) Humongous regions: 0->0
[2025-08-06T14:11:38.522+0000][gc,metaspace] GC(2) Metaspace: 35527K(35968K)->35527K(35968K) NonClass: 31157K(31360K)->31157K(31360K) Class: 4369K(4608K)->4369K(4608K)
[2025-08-06T14:11:38.522+0000][gc          ] GC(2) Pause Young (Concurrent Start) (Metadata GC Threshold) 480M->46M(1024M) 8.715ms
[2025-08-06T14:11:38.522+0000][gc,cpu      ] GC(2) User=0.08s Sys=0.00s Real=0.00s
[2025-08-06T14:11:38.522+0000][gc          ] GC(3) Concurrent Mark Cycle
[2025-08-06T14:11:38.524+0000][gc,marking  ] GC(3) Concurrent Clear Claimed Marks
[2025-08-06T14:11:38.524+0000][gc,marking  ] GC(3) Concurrent Clear Claimed Marks 0.408ms
[2025-08-06T14:11:38.524+0000][gc,marking  ] GC(3) Concurrent Scan Root Regions
[2025-08-06T14:11:38.529+0000][gc,marking  ] GC(3) Concurrent Scan Root Regions 4.374ms
[2025-08-06T14:11:38.529+0000][gc,marking  ] GC(3) Concurrent Mark
[2025-08-06T14:11:38.529+0000][gc,marking  ] GC(3) Concurrent Mark From Roots
[2025-08-06T14:11:38.529+0000][gc,task     ] GC(3) Using 3 workers of 3 for marking
[2025-08-06T14:11:38.530+0000][gc,marking  ] GC(3) Concurrent Mark From Roots 0.982ms
[2025-08-06T14:11:38.530+0000][gc,marking  ] GC(3) Concurrent Preclean
[2025-08-06T14:11:38.530+0000][gc,marking  ] GC(3) Concurrent Preclean 0.073ms
[2025-08-06T14:11:38.531+0000][gc,start    ] GC(3) Pause Remark
[2025-08-06T14:11:38.532+0000][gc          ] GC(3) Pause Remark 48M->48M(1024M) 1.371ms
[2025-08-06T14:11:38.532+0000][gc,cpu      ] GC(3) User=0.01s Sys=0.00s Real=0.00s
[2025-08-06T14:11:38.532+0000][gc,marking  ] GC(3) Concurrent Mark 3.205ms
[2025-08-06T14:11:38.532+0000][gc,marking  ] GC(3) Concurrent Rebuild Remembered Sets
[2025-08-06T14:11:38.532+0000][gc,marking  ] GC(3) Concurrent Rebuild Remembered Sets 0.080ms
[2025-08-06T14:11:38.534+0000][gc,start    ] GC(3) Pause Cleanup
[2025-08-06T14:11:38.534+0000][gc          ] GC(3) Pause Cleanup 48M->48M(1024M) 0.055ms
[2025-08-06T14:11:38.534+0000][gc,cpu      ] GC(3) User=0.00s Sys=0.00s Real=0.00s
[2025-08-06T14:11:38.534+0000][gc,marking  ] GC(3) Concurrent Cleanup for Next Mark
[2025-08-06T14:11:38.534+0000][gc,marking  ] GC(3) Concurrent Cleanup for Next Mark 0.564ms
[2025-08-06T14:11:38.534+0000][gc          ] GC(3) Concurrent Mark Cycle 11.956ms
[2025-08-06T14:11:39.785+0000][gc,start    ] GC(4) Pause Young (Concurrent Start) (Metadata GC Threshold)
[2025-08-06T14:11:39.785+0000][gc,task     ] GC(4) Using 13 workers of 13 for evacuation
[2025-08-06T14:11:39.794+0000][gc,phases   ] GC(4)   Pre Evacuate Collection Set: 0.2ms
[2025-08-06T14:11:39.795+0000][gc,phases   ] GC(4)   Merge Heap Roots: 0.1ms
[2025-08-06T14:11:39.795+0000][gc,phases   ] GC(4)   Evacuate Collection Set: 7.3ms
[2025-08-06T14:11:39.795+0000][gc,phases   ] GC(4)   Post Evacuate Collection Set: 1.8ms
[2025-08-06T14:11:39.795+0000][gc,phases   ] GC(4)   Other: 0.3ms
[2025-08-06T14:11:39.795+0000][gc,heap     ] GC(4) Eden regions: 305->0(469)
[2025-08-06T14:11:39.795+0000][gc,heap     ] GC(4) Survivor regions: 46->43(64)
[2025-08-06T14:11:39.795+0000][gc,heap     ] GC(4) Old regions: 0->18
[2025-08-06T14:11:39.795+0000][gc,heap     ] GC(4) Archive regions: 2->2
[2025-08-06T14:11:39.795+0000][gc,heap     ] GC(4) Humongous regions: 0->0
[2025-08-06T14:11:39.795+0000][gc,metaspace] GC(4) Metaspace: 59683K(60160K)->59683K(60160K) NonClass: 52498K(52736K)->52498K(52736K) Class: 7184K(7424K)->7184K(7424K)
[2025-08-06T14:11:39.795+0000][gc          ] GC(4) Pause Young (Concurrent Start) (Metadata GC Threshold) 351M->61M(1024M) 10.274ms
[2025-08-06T14:11:39.795+0000][gc,cpu      ] GC(4) User=0.07s Sys=0.01s Real=0.01s
[2025-08-06T14:11:39.795+0000][gc          ] GC(5) Concurrent Mark Cycle
[2025-08-06T14:11:39.795+0000][gc,marking  ] GC(5) Concurrent Clear Claimed Marks
[2025-08-06T14:11:39.796+0000][gc,marking  ] GC(5) Concurrent Clear Claimed Marks 0.944ms
[2025-08-06T14:11:39.796+0000][gc,marking  ] GC(5) Concurrent Scan Root Regions
[2025-08-06T14:11:39.801+0000][gc,marking  ] GC(5) Concurrent Scan Root Regions 5.020ms
[2025-08-06T14:11:39.801+0000][gc,marking  ] GC(5) Concurrent Mark
[2025-08-06T14:11:39.801+0000][gc,marking  ] GC(5) Concurrent Mark From Roots
[2025-08-06T14:11:39.801+0000][gc,task     ] GC(5) Using 3 workers of 3 for marking
[2025-08-06T14:11:39.802+0000][gc,marking  ] GC(5) Concurrent Mark From Roots 0.989ms
[2025-08-06T14:11:39.803+0000][gc,marking  ] GC(5) Concurrent Preclean
[2025-08-06T14:11:39.803+0000][gc,marking  ] GC(5) Concurrent Preclean 0.120ms
[2025-08-06T14:11:39.805+0000][gc,start    ] GC(5) Pause Remark
[2025-08-06T14:11:39.807+0000][gc          ] GC(5) Pause Remark 63M->63M(1024M) 1.849ms
[2025-08-06T14:11:39.807+0000][gc,cpu      ] GC(5) User=0.01s Sys=0.00s Real=0.00s
[2025-08-06T14:11:39.807+0000][gc,marking  ] GC(5) Concurrent Mark 5.437ms
[2025-08-06T14:11:39.807+0000][gc,marking  ] GC(5) Concurrent Rebuild Remembered Sets
[2025-08-06T14:11:39.809+0000][gc,marking  ] GC(5) Concurrent Rebuild Remembered Sets 2.303ms
[2025-08-06T14:11:39.809+0000][gc,start    ] GC(5) Pause Cleanup
[2025-08-06T14:11:39.810+0000][gc          ] GC(5) Pause Cleanup 64M->64M(1024M) 0.171ms
[2025-08-06T14:11:39.810+0000][gc,cpu      ] GC(5) User=0.00s Sys=0.00s Real=0.00s
[2025-08-06T14:11:39.810+0000][gc,marking  ] GC(5) Concurrent Cleanup for Next Mark
[2025-08-06T14:11:39.811+0000][gc,marking  ] GC(5) Concurrent Cleanup for Next Mark 0.997ms
[2025-08-06T14:11:39.811+0000][gc          ] GC(5) Concurrent Mark Cycle 15.925ms
[2025-08-06T14:11:40.812+0000][gc,start    ] GC(6) Pause Young (Normal) (G1 Evacuation Pause)
[2025-08-06T14:11:40.812+0000][gc,task     ] GC(6) Using 13 workers of 13 for evacuation
[2025-08-06T14:11:40.819+0000][gc,phases   ] GC(6)   Pre Evacuate Collection Set: 0.2ms
[2025-08-06T14:11:40.819+0000][gc,phases   ] GC(6)   Merge Heap Roots: 0.1ms
[2025-08-06T14:11:40.819+0000][gc,phases   ] GC(6)   Evacuate Collection Set: 5.5ms
[2025-08-06T14:11:40.820+0000][gc,phases   ] GC(6)   Post Evacuate Collection Set: 1.3ms
[2025-08-06T14:11:40.820+0000][gc,phases   ] GC(6)   Other: 0.3ms
[2025-08-06T14:11:40.820+0000][gc,heap     ] GC(6) Eden regions: 469->0(467)
[2025-08-06T14:11:40.820+0000][gc,heap     ] GC(6) Survivor regions: 43->45(64)
[2025-08-06T14:11:40.820+0000][gc,heap     ] GC(6) Old regions: 18->44
[2025-08-06T14:11:40.820+0000][gc,heap     ] GC(6) Archive regions: 2->2
[2025-08-06T14:11:40.820+0000][gc,heap     ] GC(6) Humongous regions: 1->0
[2025-08-06T14:11:40.820+0000][gc,metaspace] GC(6) Metaspace: 73562K(74112K)->73562K(74112K) NonClass: 64481K(64768K)->64481K(64768K) Class: 9080K(9344K)->9080K(9344K)
[2025-08-06T14:11:40.820+0000][gc          ] GC(6) Pause Young (Normal) (G1 Evacuation Pause) 531M->88M(1024M) 8.167ms
[2025-08-06T14:11:40.820+0000][gc,cpu      ] GC(6) User=0.09s Sys=0.01s Real=0.01s
[2025-08-06T14:11:41.670+0000][gc,start    ] GC(7) Pause Young (Normal) (G1 Evacuation Pause)
[2025-08-06T14:11:41.671+0000][gc,task     ] GC(7) Using 13 workers of 13 for evacuation
[2025-08-06T14:11:41.678+0000][gc,phases   ] GC(7)   Pre Evacuate Collection Set: 0.2ms
[2025-08-06T14:11:41.678+0000][gc,phases   ] GC(7)   Merge Heap Roots: 0.2ms
[2025-08-06T14:11:41.679+0000][gc,phases   ] GC(7)   Evacuate Collection Set: 5.7ms
[2025-08-06T14:11:41.679+0000][gc,phases   ] GC(7)   Post Evacuate Collection Set: 1.6ms
[2025-08-06T14:11:41.679+0000][gc,phases   ] GC(7)   Other: 0.3ms
[2025-08-06T14:11:41.679+0000][gc,heap     ] GC(7) Eden regions: 467->0(451)
[2025-08-06T14:11:41.679+0000][gc,heap     ] GC(7) Survivor regions: 45->61(64)
[2025-08-06T14:11:41.679+0000][gc,heap     ] GC(7) Old regions: 44->60
[2025-08-06T14:11:41.679+0000][gc,heap     ] GC(7) Archive regions: 2->2
[2025-08-06T14:11:41.679+0000][gc,heap     ] GC(7) Humongous regions: 0->0
[2025-08-06T14:11:41.679+0000][gc,metaspace] GC(7) Metaspace: 81188K(81856K)->81188K(81856K) NonClass: 71141K(71488K)->71141K(71488K) Class: 10047K(10368K)->10047K(10368K)
[2025-08-06T14:11:41.680+0000][gc          ] GC(7) Pause Young (Normal) (G1 Evacuation Pause) 555M->120M(1024M) 9.117ms
[2025-08-06T14:11:41.680+0000][gc,cpu      ] GC(7) User=0.07s Sys=0.01s Real=0.01s
[2025-08-06T14:13:17.036+0000][gc,start    ] GC(8) Pause Young (Normal) (G1 Evacuation Pause)
[2025-08-06T14:13:17.037+0000][gc,task     ] GC(8) Using 13 workers of 13 for evacuation
[2025-08-06T14:13:17.057+0000][gc,phases   ] GC(8)   Pre Evacuate Collection Set: 0.5ms
[2025-08-06T14:13:17.057+0000][gc,phases   ] GC(8)   Merge Heap Roots: 0.2ms
[2025-08-06T14:13:17.057+0000][gc,phases   ] GC(8)   Evacuate Collection Set: 16.0ms
[2025-08-06T14:13:17.057+0000][gc,phases   ] GC(8)   Post Evacuate Collection Set: 3.1ms
[2025-08-06T14:13:17.057+0000][gc,phases   ] GC(8)   Other: 0.8ms
[2025-08-06T14:13:17.057+0000][gc,heap     ] GC(8) Eden regions: 451->0(486)
[2025-08-06T14:13:17.057+0000][gc,heap     ] GC(8) Survivor regions: 61->26(64)
[2025-08-06T14:13:17.058+0000][gc,heap     ] GC(8) Old regions: 60->83
[2025-08-06T14:13:17.058+0000][gc,heap     ] GC(8) Archive regions: 2->2
[2025-08-06T14:13:17.058+0000][gc,heap     ] GC(8) Humongous regions: 0->0
[2025-08-06T14:13:17.058+0000][gc,metaspace] GC(8) Metaspace: 91323K(92224K)->91323K(92224K) NonClass: 80234K(80640K)->80234K(80640K) Class: 11089K(11584K)->11089K(11584K)
[2025-08-06T14:13:17.058+0000][gc          ] GC(8) Pause Young (Normal) (G1 Evacuation Pause) 571M->109M(1024M) 21.497ms
[2025-08-06T14:13:17.058+0000][gc,cpu      ] GC(8) User=0.10s Sys=0.01s Real=0.02s
[2025-08-06T14:16:39.438+0000][gc,heap,exit] Heap
[2025-08-06T14:16:39.438+0000][gc,heap,exit]  garbage-first heap   total 1048576K, used 240258K [0x00000000c0000000, 0x0000000100000000)
[2025-08-06T14:16:39.438+0000][gc,heap,exit]   region size 1024K, 152 young (155648K), 26 survivors (26624K)
[2025-08-06T14:16:39.438+0000][gc,heap,exit]  Metaspace       used 93380K, committed 94336K, reserved 1179648K
[2025-08-06T14:16:39.438+0000][gc,heap,exit]   class space    used 11197K, committed 11648K, reserved 1048576K
